Startpoint: _40345_ (rising edge-triggered flip-flop clocked by clk)
Endpoint: _40345_ (rising edge-triggered flip-flop clocked by clk)
Path Group: clk
Path Type: min

Fanout     Cap    Slew   Delay    Time   Description
-----------------------------------------------------------------------------
                  0.00    0.00    0.00   clock clk (rise edge)
                          0.00    0.00   clock network delay (ideal)
                  0.00    0.00    0.00 ^ _40345_/CLK (sky130_fd_sc_hd__dfxtp_1)
                  0.02    0.16    0.16 ^ _40345_/Q (sky130_fd_sc_hd__dfxtp_1)
     2    0.00                           cpuregs[0][4] (net)
                  0.02    0.00    0.16 ^ _23728_/A (sky130_fd_sc_hd__clkbuf_1)
                  0.03    0.04    0.20 ^ _23728_/X (sky130_fd_sc_hd__clkbuf_1)
     1    0.00                           _02839_ (net)
                  0.03    0.00    0.20 ^ _40345_/D (sky130_fd_sc_hd__dfxtp_1)
                                  0.20   data arrival time

                  0.00    0.00    0.00   clock clk (rise edge)
                          0.00    0.00   clock network delay (ideal)
                          0.00    0.00   clock reconvergence pessimism
                                  0.00 ^ _40345_/CLK (sky130_fd_sc_hd__dfxtp_1)
                         -0.02   -0.02   library hold time
                                 -0.02   data required time
-----------------------------------------------------------------------------
                                 -0.02   data required time
                                 -0.20   data arrival time
-----------------------------------------------------------------------------
                                  0.22   slack (MET)


Startpoint: _41568_ (rising edge-triggered flip-flop clocked by clk)
Endpoint: _41495_ (rising edge-triggered flip-flop clocked by clk)
Path Group: clk
Path Type: max

Fanout     Cap    Slew   Delay    Time   Description
-----------------------------------------------------------------------------
                  0.00    0.00    0.00   clock clk (rise edge)
                          0.00    0.00   clock network delay (ideal)
                  0.00    0.00    0.00 ^ _41568_/CLK (sky130_fd_sc_hd__dfxtp_4)
                  0.14    0.73    0.73 ^ _41568_/Q (sky130_fd_sc_hd__dfxtp_4)
    33    0.02                           latched_stalu (net)
                  0.14    0.00    0.73 ^ _39469_/S (sky130_fd_sc_hd__mux2_1)
                  0.15    0.77    1.50 v _39469_/X (sky130_fd_sc_hd__mux2_1)
     2    0.01                           _00293_ (net)
                  0.15    0.00    1.50 v _39468_/A1 (sky130_fd_sc_hd__mux2_1)
                  0.10    0.66    2.16 v _39468_/X (sky130_fd_sc_hd__mux2_1)
     1    0.00                           _00294_ (net)
                  0.10    0.00    2.16 v _24948_/B (sky130_fd_sc_hd__and2_1)
                  0.07    0.32    2.49 v _24948_/X (sky130_fd_sc_hd__and2_1)
     1    0.00                           _00295_ (net)
                  0.07    0.00    2.49 v _38759_/A0 (sky130_fd_sc_hd__mux2_2)
                  0.17    0.65    3.14 v _38759_/X (sky130_fd_sc_hd__mux2_2)
     6    0.02                           _02560_ (net)
                  0.17    0.00    3.14 v _25371_/A (sky130_fd_sc_hd__xnor2_1)
                  0.15    0.31    3.44 v _25371_/Y (sky130_fd_sc_hd__xnor2_1)
     2    0.01                           _04301_ (net)
                  0.15    0.00    3.44 v _25376_/A_N (sky130_fd_sc_hd__nand3b_2)
                  0.12    0.45    3.89 v _25376_/Y (sky130_fd_sc_hd__nand3b_2)
     2    0.00                           _04303_ (net)
                  0.12    0.00    3.89 v _25383_/A2_N (sky130_fd_sc_hd__o2bb2ai_1)
                  0.14    0.29    4.18 v _25383_/Y (sky130_fd_sc_hd__o2bb2ai_1)
     2    0.01                           _04308_ (net)
                  0.14    0.00    4.18 v _25391_/A2_N (sky130_fd_sc_hd__o2bb2ai_1)
                  0.13    0.28    4.46 v _25391_/Y (sky130_fd_sc_hd__o2bb2ai_1)
     1    0.00                           _04314_ (net)
                  0.13    0.00    4.46 v _25392_/B1 (sky130_fd_sc_hd__o21ai_2)
                  0.25    0.15    4.61 ^ _25392_/Y (sky130_fd_sc_hd__o21ai_2)
     2    0.01                           _04315_ (net)
                  0.25    0.00    4.61 ^ _25399_/B1 (sky130_fd_sc_hd__o21ai_1)
                  0.14    0.22    4.84 v _25399_/Y (sky130_fd_sc_hd__o21ai_1)
     1    0.01                           _04320_ (net)
                  0.14    0.00    4.84 v _25400_/B1 (sky130_fd_sc_hd__o21ai_2)
                  0.22    0.14    4.98 ^ _25400_/Y (sky130_fd_sc_hd__o21ai_2)
     2    0.01                           _04321_ (net)
                  0.22    0.00    4.98 ^ _25407_/A1 (sky130_fd_sc_hd__a21o_1)
                  0.22    0.39    5.37 ^ _25407_/X (sky130_fd_sc_hd__a21o_1)
     2    0.02                           _04326_ (net)
                  0.22    0.00    5.37 ^ _25414_/A1 (sky130_fd_sc_hd__a21oi_4)
                  0.09    0.17    5.54 v _25414_/Y (sky130_fd_sc_hd__a21oi_4)
     2    0.01                           _04331_ (net)
                  0.09    0.00    5.54 v _25422_/A2 (sky130_fd_sc_hd__o21bai_2)
                  0.33    0.33    5.87 ^ _25422_/Y (sky130_fd_sc_hd__o21bai_2)
     2    0.01                           _04337_ (net)
                  0.33    0.00    5.87 ^ _25429_/A1 (sky130_fd_sc_hd__a21oi_4)
                  0.11    0.20    6.06 v _25429_/Y (sky130_fd_sc_hd__a21oi_4)
     2    0.01                           _04342_ (net)
                  0.11    0.00    6.06 v _25436_/A2 (sky130_fd_sc_hd__o21bai_2)
                  0.33    0.34    6.40 ^ _25436_/Y (sky130_fd_sc_hd__o21bai_2)
     2    0.02                           _04347_ (net)
                  0.33    0.00    6.40 ^ _25442_/A1 (sky130_fd_sc_hd__a21oi_4)
                  0.11    0.20    6.60 v _25442_/Y (sky130_fd_sc_hd__a21oi_4)
     2    0.01                           _04351_ (net)
                  0.11    0.00    6.60 v _25448_/A2 (sky130_fd_sc_hd__o21bai_2)
                  0.34    0.33    6.93 ^ _25448_/Y (sky130_fd_sc_hd__o21bai_2)
     2    0.01                           _04355_ (net)
                  0.34    0.00    6.94 ^ _25454_/A1 (sky130_fd_sc_hd__a21oi_4)
                  0.11    0.20    7.14 v _25454_/Y (sky130_fd_sc_hd__a21oi_4)
     2    0.01                           _04359_ (net)
                  0.11    0.00    7.14 v _25460_/A2 (sky130_fd_sc_hd__o21bai_2)
                  0.33    0.33    7.47 ^ _25460_/Y (sky130_fd_sc_hd__o21bai_2)
     2    0.01                           _04363_ (net)
                  0.33    0.00    7.47 ^ _25466_/A1 (sky130_fd_sc_hd__a21oi_4)
                  0.10    0.18    7.65 v _25466_/Y (sky130_fd_sc_hd__a21oi_4)
     2    0.01                           _04367_ (net)
                  0.10    0.00    7.65 v _25472_/A2 (sky130_fd_sc_hd__o21bai_2)
                  0.34    0.32    7.98 ^ _25472_/Y (sky130_fd_sc_hd__o21bai_2)
     2    0.01                           _04371_ (net)
                  0.34    0.00    7.98 ^ _25478_/A1 (sky130_fd_sc_hd__a21oi_4)
                  0.11    0.20    8.18 v _25478_/Y (sky130_fd_sc_hd__a21oi_4)
     2    0.01                           _04375_ (net)
                  0.11    0.00    8.18 v _25485_/A2 (sky130_fd_sc_hd__o21bai_2)
                  0.33    0.33    8.51 ^ _25485_/Y (sky130_fd_sc_hd__o21bai_2)
     2    0.01                           _04380_ (net)
                  0.33    0.00    8.51 ^ _25491_/A1 (sky130_fd_sc_hd__a21oi_4)
                  0.12    0.22    8.73 v _25491_/Y (sky130_fd_sc_hd__a21oi_4)
     2    0.02                           _04384_ (net)
                  0.12    0.00    8.73 v _25498_/A2 (sky130_fd_sc_hd__o21bai_4)
                  0.26    0.29    9.02 ^ _25498_/Y (sky130_fd_sc_hd__o21bai_4)
     3    0.02                           _04389_ (net)
                  0.26    0.00    9.02 ^ _25508_/A (sky130_fd_sc_hd__nand3_4)
                  0.15    0.22    9.23 v _25508_/Y (sky130_fd_sc_hd__nand3_4)
     3    0.01                           _04395_ (net)
                  0.15    0.00    9.23 v _25524_/A2 (sky130_fd_sc_hd__o211ai_4)
                  0.28    0.34    9.57 ^ _25524_/Y (sky130_fd_sc_hd__o211ai_4)
     3    0.01                           _04407_ (net)
                  0.28    0.00    9.57 ^ _25534_/A (sky130_fd_sc_hd__nand3_4)
                  0.16    0.23    9.79 v _25534_/Y (sky130_fd_sc_hd__nand3_4)
     3    0.01                           _04413_ (net)
                  0.16    0.00    9.79 v _25550_/A2 (sky130_fd_sc_hd__o211ai_4)
                  0.22    0.28   10.08 ^ _25550_/Y (sky130_fd_sc_hd__o211ai_4)
     3    0.01                           _04425_ (net)
                  0.22    0.00   10.08 ^ _25557_/A1 (sky130_fd_sc_hd__a21oi_1)
                  0.12    0.20   10.28 v _25557_/Y (sky130_fd_sc_hd__a21oi_1)
     1    0.00                           _04430_ (net)
                  0.12    0.00   10.28 v _25558_/B (sky130_fd_sc_hd__xor2_1)
                  0.11    0.29   10.57 v _25558_/X (sky130_fd_sc_hd__xor2_1)
     1    0.00                           _01676_ (net)
                  0.11    0.00   10.57 v _39484_/A1 (sky130_fd_sc_hd__mux2_1)
                  0.11    0.65   11.22 v _39484_/X (sky130_fd_sc_hd__mux2_1)
     1    0.00                           _01677_ (net)
                  0.11    0.00   11.22 v _39938_/A1 (sky130_fd_sc_hd__mux4_2)
                  0.15    1.01   12.24 v _39938_/X (sky130_fd_sc_hd__mux4_2)
     1    0.00                           _01678_ (net)
                  0.15    0.00   12.24 v _39485_/A0 (sky130_fd_sc_hd__mux2_1)
                  0.10    0.64   12.88 v _39485_/X (sky130_fd_sc_hd__mux2_1)
     1    0.00                           _02529_ (net)
                  0.10    0.00   12.88 v _20594_/A (sky130_fd_sc_hd__or2b_1)
                  0.10    0.50   13.38 v _20594_/X (sky130_fd_sc_hd__or2b_1)
     1    0.00                           _17398_ (net)
                  0.10    0.00   13.38 v _20595_/C1 (sky130_fd_sc_hd__o211a_1)
                  0.07    0.21   13.58 v _20595_/X (sky130_fd_sc_hd__o211a_1)
     1    0.00                           _03989_ (net)
                  0.07    0.00   13.58 v _41495_/D (sky130_fd_sc_hd__dfxtp_1)
                                 13.58   data arrival time

                  0.00   24.73   24.73   clock clk (rise edge)
                          0.00   24.73   clock network delay (ideal)
                          0.00   24.73   clock reconvergence pessimism
                                 24.73 ^ _41495_/CLK (sky130_fd_sc_hd__dfxtp_1)
                         -0.29   24.44   library setup time
                                 24.44   data required time
-----------------------------------------------------------------------------
                                 24.44   data required time
                                -13.58   data arrival time
-----------------------------------------------------------------------------
                                 10.86   slack (MET)


